app/(admin)/admin/products/[id]/edit/page.tsx(66,17): error TS2322: Type '{ id: string; title: string; description: string; price: number; image: string; images: string[]; shopeeUrl: string; tokopediaUrl: string; categoryId: string; badge: "NEW" | "HOT" | "BEST SELLER" | null | undefined; isActive: boolean; }' is not assignable to type '{ title: string; slug: string; description: string; price: number; image: string; shopeeUrl: string; tokopediaUrl: string; categoryId: string; isActive: boolean; images?: string[] | undefined; badge?: "NEW" | ... 3 more ... | undefined; } & { ...; }'.
  Property 'slug' is missing in type '{ id: string; title: string; description: string; price: number; image: string; images: string[]; shopeeUrl: string; tokopediaUrl: string; categoryId: string; badge: "NEW" | "HOT" | "BEST SELLER" | null | undefined; isActive: boolean; }' but required in type '{ title: string; slug: string; description: string; price: number; image: string; shopeeUrl: string; tokopediaUrl: string; categoryId: string; isActive: boolean; images?: string[] | undefined; badge?: "NEW" | ... 3 more ... | undefined; }'.
components/admin/ProductForm.tsx(54,9): error TS2322: Type 'Resolver<{ title: string; slug: string; description: string; price: number; image: string; shopeeUrl: string; tokopediaUrl: string; categoryId: string; images?: string[] | undefined; badge?: "NEW" | "HOT" | "BEST SELLER" | null | undefined; isActive?: boolean | undefined; }, any, { ...; }>' is not assignable to type 'Resolver<{ title: string; slug: string; description: string; price: number; image: string; shopeeUrl: string; tokopediaUrl: string; categoryId: string; isActive: boolean; images?: string[] | undefined; badge?: "NEW" | ... 3 more ... | undefined; }, any, { ...; }>'.
  Types of parameters 'options' and 'options' are incompatible.
    Type 'ResolverOptions<{ title: string; slug: string; description: string; price: number; image: string; shopeeUrl: string; tokopediaUrl: string; categoryId: string; isActive: boolean; images?: string[] | undefined; badge?: "NEW" | ... 3 more ... | undefined; }>' is not assignable to type 'ResolverOptions<{ title: string; slug: string; description: string; price: number; image: string; shopeeUrl: string; tokopediaUrl: string; categoryId: string; images?: string[] | undefined; badge?: "NEW" | "HOT" | "BEST SELLER" | null | undefined; isActive?: boolean | undefined; }>'.
      Type 'boolean | undefined' is not assignable to type 'boolean'.
        Type 'undefined' is not assignable to type 'boolean'.
components/admin/ProductForm.tsx(135,38): error TS2345: Argument of type '(data: ProductValues) => Promise<void>' is not assignable to parameter of type 'SubmitHandler<TFieldValues>'.
  Types of parameters 'data' and 'data' are incompatible.
    Type 'TFieldValues' is not assignable to type '{ title: string; slug: string; description: string; price: number; image: string; shopeeUrl: string; tokopediaUrl: string; categoryId: string; isActive: boolean; images?: string[] | undefined; badge?: "NEW" | ... 3 more ... | undefined; }'.
      Type 'FieldValues' is missing the following properties from type '{ title: string; slug: string; description: string; price: number; image: string; shopeeUrl: string; tokopediaUrl: string; categoryId: string; isActive: boolean; images?: string[] | undefined; badge?: "NEW" | ... 3 more ... | undefined; }': title, slug, description, price, and 5 more.
components/admin/ProductForm.tsx(397,39): error TS2367: This comparison appears to be unintentional because the types '"NEW" | "HOT" | "BEST SELLER"' and '"none"' have no overlap.
